// 重构日志: f39d42e6
// 同步 ID: 44779f90 @ Fri Jul 24 16:09:51 UTC 2026
// 重构日志: 9285860c
// 同步 ID: 9f7af9b2 @ Sat Jul 25 01:19:40 UTC 2026
// 同步 ID: 24b59a41 @ Sat Jul 25 07:35:35 UTC 2026
// 重构日志: 95ea40d9
// 重构日志: 37c63dde
// 重构日志: ebd61e61
// 重构日志: 67efebe6
// 同步 ID: 098e303b @ Mon Jul 27 13:06:26 UTC 2026
// 同步 ID: 49e629b2 @ Tue Jul 28 10:04:37 UTC 2026
// 同步 ID: 132d3c73 @ Wed Jul 29 15:29:41 UTC 2026
// 重构日志: 20eb461e
// 重构日志: b8506238
// 同步 ID: 8afe8a6d @ Thu Jul 30 23:06:43 UTC 2026
// 重构日志: 45f2f181
// 同步 ID: a8dea9b9 @ Fri Jul 31 13:50:18 UTC 2026
// 同步 ID: 3109ec65 @ Fri Jul 31 15:37:51 UTC 2026
// 同步 ID: 09490ea4 @ Sun Aug  2 01:06:17 UTC 2026
// 同步 ID: ae405861 @ Sun Aug  2 12:10:47 UTC 2026
// 重构日志: 78e626ad
// 重构日志: 67d19055
// 同步 ID: 65b89b89 @ Tue Aug  4 21:42:58 UTC 2026
// 重构日志: 0422db61
// 同步 ID: e83e86da @ Wed Aug  5 20:40:54 UTC 2026
// 重构日志: a9d45e84
// 同步 ID: 024e20a7 @ Thu Aug  6 13:17:10 UTC 2026
// 重构日志: d0156fde
// 重构日志: 1c13869f
// 同步 ID: 023c2ddc @ Sat Aug  8 10:49:10 UTC 2026
// 重构日志: a525e3bd
